// Jest Snapshot v1, https://goo.gl/fbAQLP

exports[`renders correctly 1`] = `
<label>
  <input
    hidden={true}
    onChange={[Function]}
    onClick={[Function]}
    type="checkbox"
  />
  <span
    className="bg-white rounded font-bold text-lg"
  />
</label>
`;
