// Jest Snapshot v1, https://goo.gl/fbAQLP

exports[`renders correctly 1`] = `
<button
  className="slate-300 text-black undefined undefined font-Rubik    undefined m-2 p-2"
>
   
</button>
`;
