// Jest Snapshot v1, https://goo.gl/fbAQLP

exports[`renders correctly 1`] = `
<div
  className="container mx-auto md:px-32 px-10 pt-12 pb-4 grid md:grid-cols-2 gap-10  sm:grid-cols-1 font-Rubik"
>
  <div
    className="flex flex-col align-content-center justify-center align-items-start text-center md:text-left"
  >
    <div
      className="flex flex-col "
    >
      <p
        className="text-5xl font-medium"
      >
        title
      </p>
      <p
        className="text-2xl text-primary-gray px-2 font-normal"
      >
        Lorem ipsum dolor sit amet consectetur adipisicing elit. Consectetur at, illum itaque facilis minima iusto reiciendis ipsum veniam optio perspiciatis.
      </p>
    </div>
    <div
      className="pt-10 "
    >
      <a
        className="w-20 h-7 py-2.5 px-4 rounded-lg bg-primary-blue text-white text-2xl"
        href="/blogs"
        onClick={[Function]}
        onMouseEnter={[Function]}
        onTouchStart={[Function]}
      >
        Get Started
      </a>
    </div>
  </div>
  <div
    className="relative h-96 overflow-hidden"
  >
    <span
      style={
        Object {
          "background": "none",
          "border": 0,
          "bottom": 0,
          "boxSizing": "border-box",
          "display": "block",
          "height": "initial",
          "left": 0,
          "margin": 0,
          "opacity": 1,
          "overflow": "hidden",
          "padding": 0,
          "position": "absolute",
          "right": 0,
          "top": 0,
          "width": "initial",
        }
      }
    >
      <img
        alt="profile"
        className="object-cover rounded-xl"
        data-nimg="fill"
        decoding="async"
        onError={[Function]}
        onLoad={[Function]}
        src="data:image/gif;base64,R0lGODlhAQABAIAAAAAAAP///yH5BAEAAAAALAAAAAABAAEAAAIBRAA7"
        style={
          Object {
            "border": "none",
            "bottom": 0,
            "boxSizing": "border-box",
            "display": "block",
            "height": 0,
            "left": 0,
            "margin": "auto",
            "maxHeight": "100%",
            "maxWidth": "100%",
            "minHeight": "100%",
            "minWidth": "100%",
            "objectFit": undefined,
            "objectPosition": undefined,
            "padding": 0,
            "position": "absolute",
            "right": 0,
            "top": 0,
            "width": 0,
          }
        }
      />
      <noscript>
        <img
          alt="profile"
          className="object-cover rounded-xl"
          data-nimg="fill"
          decoding="async"
          loading="lazy"
          sizes="100vw"
          src="/_next/image?url=%2Fimages%2FImage.png&w=3840&q=75"
          srcSet="/_next/image?url=%2Fimages%2FImage.png&w=640&q=75 640w, /_next/image?url=%2Fimages%2FImage.png&w=750&q=75 750w, /_next/image?url=%2Fimages%2FImage.png&w=828&q=75 828w, /_next/image?url=%2Fimages%2FImage.png&w=1080&q=75 1080w, /_next/image?url=%2Fimages%2FImage.png&w=1200&q=75 1200w, /_next/image?url=%2Fimages%2FImage.png&w=1920&q=75 1920w, /_next/image?url=%2Fimages%2FImage.png&w=2048&q=75 2048w, /_next/image?url=%2Fimages%2FImage.png&w=3840&q=75 3840w"
          style={
            Object {
              "border": "none",
              "bottom": 0,
              "boxSizing": "border-box",
              "display": "block",
              "height": 0,
              "left": 0,
              "margin": "auto",
              "maxHeight": "100%",
              "maxWidth": "100%",
              "minHeight": "100%",
              "minWidth": "100%",
              "objectFit": undefined,
              "objectPosition": undefined,
              "padding": 0,
              "position": "absolute",
              "right": 0,
              "top": 0,
              "width": 0,
            }
          }
        />
      </noscript>
    </span>
  </div>
</div>
`;
