// Jest Snapshot v1, https://goo.gl/fbAQLP

exports[`renders correctly 1`] = `
<div
  className="flex flex-col"
>
  <div
    className="sm:order-1 order-2"
  >
    <div
      className="border-2 border-black rounded-lg md:px-4 mb-6 mt-3 font-Rubik "
    >
      <div
        className="flex md:justify-between md:flex-row flex-col justify-center items-center"
      >
        <div>
          <p
            className="pt-2"
          >
            FRI, JUL -7:00 PM GMT+3
          </p>
        </div>
        <div
          className=" pt-2"
        >
          <div
            className="flex flex-row items-center"
          >
            <div>
              <div
                class="relative inline-flex items-center justify-center sm:w-8 w-6 sm:h-8 h-6 bg-black rounded-full"
              >
                <span
                  class="text-white font-Rubik"
                >
                  R
                </span>
              </div>
              <div
                class="sm:-left-4 -left-3 relative inline-flex items-center justify-center sm:w-8 w-6 sm:h-8 h-6 bg-black rounded-full"
              >
                <span
                  class="text-white font-Rubik"
                >
                  R
                </span>
              </div>
              <div
                class="sm:-left-8 -left-6 relative inline-flex items-center justify-center sm:w-8 w-6 sm:h-8 h-6 bg-black rounded-full"
              >
                <span
                  class="text-white font-Rubik"
                >
                  R
                </span>
              </div>
            </div>
            <p
              className="font-Rubik p-2"
            >
              +12 Attendance
            </p>
          </div>
        </div>
      </div>
      <div
        className="grid sm:grid-cols-3 align-items-center gap-4 p-4"
      >
        <div>
          <img
            alt="eventCardImage"
            className="rounded border-2 border-black w-64 md:h-36 h-24"
            data-nimg="1"
            decoding="async"
            height={380}
            loading="lazy"
            onError={[Function]}
            onLoad={[Function]}
            responsive={true}
            src="/_next/image?url=%2Fimages%2FRectangle2.png&w=1920&q=75"
            srcSet="/_next/image?url=%2Fimages%2FRectangle2.png&w=750&q=75 1x, /_next/image?url=%2Fimages%2FRectangle2.png&w=1920&q=75 2x"
            style={
              Object {
                "color": "transparent",
              }
            }
            width={650}
          />
        </div>
        <div
          className="col-span-2 flex flex-col"
        >
          <p
            className="font-medium"
          >
            Title of the Event1
          </p>
          <p
            className="font-normal line-clamp-2"
          >
            Details about the event. Lorem ipsum dolor sit ametz consectetur adipiscing elit, sed do eiusmod tempor incididuntuyuuyii iyooyi Lorem ipsum dolor sit ame consectetur, adipisicing elit. Deleniti quos pariat nemo veritatis repudiandae error suscipit. Quas saepe vel cupiditate, ipsa adipisci excepturi animi magnam facere culpa aliquam asperiores!
          </p>
          <div
            className="flex justify-end py-5"
          >
            <button
              className="bg-primary-orange text-white rounded px-8 py-1 "
            >
              Join
            </button>
          </div>
        </div>
      </div>
    </div>
  </div>
  <div
    className="sm:order-1 order-2"
  >
    <div
      className="border-2 border-black rounded-lg md:px-4 mb-6 mt-3 font-Rubik "
    >
      <div
        className="flex md:justify-between md:flex-row flex-col justify-center items-center"
      >
        <div>
          <p
            className="pt-2"
          >
            FRI, JUL -7:00 PM GMT+3
          </p>
        </div>
        <div
          className=" pt-2"
        >
          <div
            className="flex flex-row items-center"
          >
            <div>
              <div
                class="relative inline-flex items-center justify-center sm:w-8 w-6 sm:h-8 h-6 bg-black rounded-full"
              >
                <span
                  class="text-white font-Rubik"
                >
                  R
                </span>
              </div>
              <div
                class="sm:-left-4 -left-3 relative inline-flex items-center justify-center sm:w-8 w-6 sm:h-8 h-6 bg-black rounded-full"
              >
                <span
                  class="text-white font-Rubik"
                >
                  R
                </span>
              </div>
              <div
                class="sm:-left-8 -left-6 relative inline-flex items-center justify-center sm:w-8 w-6 sm:h-8 h-6 bg-black rounded-full"
              >
                <span
                  class="text-white font-Rubik"
                >
                  R
                </span>
              </div>
            </div>
            <p
              className="font-Rubik p-2"
            >
              +12 Attendance
            </p>
          </div>
        </div>
      </div>
      <div
        className="grid sm:grid-cols-3 align-items-center gap-4 p-4"
      >
        <div>
          <img
            alt="eventCardImage"
            className="rounded border-2 border-black w-64 md:h-36 h-24"
            data-nimg="1"
            decoding="async"
            height={380}
            loading="lazy"
            onError={[Function]}
            onLoad={[Function]}
            responsive={true}
            src="/_next/image?url=%2Fimages%2FRectangle2.png&w=1920&q=75"
            srcSet="/_next/image?url=%2Fimages%2FRectangle2.png&w=750&q=75 1x, /_next/image?url=%2Fimages%2FRectangle2.png&w=1920&q=75 2x"
            style={
              Object {
                "color": "transparent",
              }
            }
            width={650}
          />
        </div>
        <div
          className="col-span-2 flex flex-col"
        >
          <p
            className="font-medium"
          >
            Title of the Event2
          </p>
          <p
            className="font-normal line-clamp-2"
          >
            Details about the event. Lorem ipsum dolor sit ametz consectetur adipiscing elit, sed do eiusmod tempor incididuntuyuuyii iyooyi Lorem ipsum dolor sit ame consectetur, adipisicing elit. Deleniti quos pariat nemo veritatis repudiandae error suscipit. Quas saepe vel cupiditate, ipsa adipisci excepturi animi magnam facere culpa aliquam asperiores!
          </p>
          <div
            className="flex justify-end py-5"
          >
            <button
              className="bg-primary-orange text-white rounded px-8 py-1 "
            >
              Join
            </button>
          </div>
        </div>
      </div>
    </div>
  </div>
  <div
    className="md:order-2 order-1 text-center md:text-start"
  >
    <p
      className="py-3 font-Rubik  font-bold"
    >
       Pages
    </p>
    <ul
      className="sm:mx-32 inline-flex max-w-xs justify-center items-center border border-black h-8"
    >
      <button
        className="bg-gray-200 opacity-50 cursor-not-allowed m-1 h-8"
        disabled={true}
      >
        <svg
          fill="none"
          height="34"
          viewBox="0 0 34 34"
          width="34"
          xmlns="http://www.w3.org/2000/svg"
        >
          <path
            clip-rule="evenodd"
            d="M0.5 17C0.5 26.1127 7.8873 33.5 17 33.5C26.1127 33.5 33.5 26.1127 33.5 17C33.5 7.8873 26.1127 0.5 17 0.5C7.8873 0.5 0.5 7.8873 0.5 17ZM9.75871 16.4101L19.9922 8.24435C20.1578 8.0879 20.3825 8 20.6167 8C21.1045 8 21.5 8.37352 21.5 8.83427V25.1657C21.5 25.387 21.4069 25.5992 21.2413 25.7556C20.8964 26.0815 20.3371 26.0815 19.9922 25.7556L9.75871 17.5899C9.41376 17.2641 9.41376 16.7359 9.75871 16.4101Z"
            fill="#1A1A1A"
            fill-opacity="0.7"
            fill-rule="evenodd"
          />
        </svg>
      </button>
      <li
        className="flex items-center p-3 text-center h-8 min-w-6 border-2 border-black m-1 rounded-lg bg-primary-orange text-white"
        onClick={[Function]}
      >
        1
      </li>
      <li
        className="flex items-center p-3 text-center h-8 min-w-6 border-2 border-black m-1 rounded-lg bg-white text-black"
        onClick={[Function]}
      >
        2
      </li>
      <li
        className="m-1 h-8"
        onClick={[Function]}
      >
        <svg
          fill="none"
          height="34"
          viewBox="0 0 34 34"
          width="34"
          xmlns="http://www.w3.org/2000/svg"
        >
          <path
            clip-rule="evenodd"
            d="M0.5 17C0.5 26.1127 7.8873 33.5 17 33.5C26.1127 33.5 33.5 26.1127 33.5 17C33.5 7.8873 26.1127 0.5 17 0.5C7.8873 0.5 0.5 7.8873 0.5 17ZM13.3833 8C13.6175 8 13.8422 8.0879 14.0078 8.24435L24.2413 16.4101C24.5862 16.7359 24.5862 17.2641 24.2413 17.5899L14.0078 25.7556C13.6629 26.0815 13.1036 26.0815 12.7587 25.7556C12.5931 25.5992 12.5 25.387 12.5 25.1657V8.83427C12.5 8.37352 12.8955 8 13.3833 8Z"
            fill="#1A1A1A"
            fill-opacity="0.7"
            fill-rule="evenodd"
          />
        </svg>
      </li>
    </ul>
  </div>
</div>
`;
