// Jest Snapshot v1, https://goo.gl/fbAQLP

exports[`renders correctly 1`] = `
<div>
  <div
    className="flex flex-col items-center font-Rubik "
  >
    <div
      className="relative w-20 h-20"
    >
      <img
        alt="profile"
        className="object-contain rounded-xl"
        data-nimg="fill"
        decoding="async"
        loading="lazy"
        onError={[Function]}
        onLoad={[Function]}
        src=""
        style={
          Object {
            "bottom": 0,
            "color": "transparent",
            "height": "100%",
            "left": 0,
            "objectFit": undefined,
            "objectPosition": undefined,
            "position": "absolute",
            "right": 0,
            "top": 0,
            "width": "100%",
          }
        }
      />
    </div>
    <div
      className="flex flex-col gap-2  pt-6"
    >
      <p
        className="text-xl text-center font-medium"
      />
      <p
        className="text-lg text-primary-gray text-center font-normal "
      />
    </div>
  </div>
</div>
`;
