// Jest Snapshot v1, https://goo.gl/fbAQLP

exports[`renders correctly 1`] = `
<div>
  <label
    className="flex md:block"
  >
    <input
      className="undefined"
      onChange={[Function]}
      type="checkbox"
    />
    <span
      className="undefined"
    />
  </label>
</div>
`;
